
[1m[46m RUN [49m[22m [36mv4.1.1 [39m[90mC:/Users/leoma/OneDrive/Desktop/Apps/Soclean Coordinaci├│n[39m

 [32mÔ£ô[39m src/__tests_locked__/components/clientes/ClienteFormDialog.test.tsx[2m > [22mClienteFormDialog[2m > [22mrenders correctly for creating a new client[33m 719[2mms[22m[39m
 [32mÔ£ô[39m src/__tests_locked__/components/clientes/ClienteFormDialog.test.tsx[2m > [22mClienteFormDialog[2m > [22mrenders correctly for editing an existing client[33m 486[2mms[22m[39m
 [32mÔ£ô[39m src/__tests_locked__/components/clientes/ClienteFormDialog.test.tsx[2m > [22mClienteFormDialog[2m > [22mshows validation errors when submitting empty required fields[33m 430[2mms[22m[39m
 [31m├ù[39m src/__tests_locked__/components/clientes/ClienteFormDialog.test.tsx[2m > [22mClienteFormDialog[2m > [22msubmits form successfully when creating a new client[33m 2367[2mms[22m[39m
[31m   ÔåÆ expected "vi.fn()" to be called with arguments: [ { ÔÇª(10) } ][90m

Number of calls: [1m0[22m
[31m

Ignored nodes: comments, script, style
[36m<html>[31m
  [36m<head />[31m
  [36m<body[31m
    [33mdata-scroll-locked[31m=[32m"1"[31m
    [33mstyle[31m=[32m"pointer-events: none;"[31m
  [36m>[31m
    [36m<span[31m
      [33maria-hidden[31m=[32m"true"[31m
      [33mdata-aria-hidden[31m=[32m"true"[31m
      [33mdata-radix-focus-guard[31m=[32m""[31m
      [33mstyle[31m=[32m"outline: none; opacity: 0; position: fixed; pointer-events: none;"[31m
      [33mtabindex[31m=[32m"0"[31m
    [36m/>[31m
    [36m<div[31m
      [33maria-hidden[31m=[32m"true"[31m
      [33mdata-aria-hidden[31m=[32m"true"[31m
    [36m/>[31m
    [36m<div[31m
      [33maria-hidden[31m=[32m"true"[31m
      [33mclass[31m=[32m"fixed inset-0 z-50 bg-black/80 data-[state=open]:animate-in data-[state=closed]:animate-out data-[state=closed]:fade-out-0 data-[state=open]:fade-in-0"[31m
      [33mdata-aria-hidden[31m=[32m"true"[31m
      [33mdata-state[31m=[32m"open"[31m
      [33mstyle[31m=[32m"pointer-events: auto;"[31m
    [36m/>[31m
    [36m<div[31m
      [33maria-describedby[31m=[32m"radix-_r_21_"[31m
      [33maria-labelledby[31m=[32m"radix-_r_20_"[31m
      [33mclass[31m=[32m"fixed left-[50%] top-[50%] z-50 grid w-full max-w-lg translate-x-[-50%] translate-y-[-50%] gap-4 border bg-background p-6 shadow-lg duration-200 data-[state=open]:animate-in data-[state=closed]:animate-out data-[state=closed]:fade-out-0 data-[state=open]:fade-in-0 data-[state=closed]:zoom-out-95 data-[state=open]:zoom-in-95 data-[state=closed]:slide-out-to-left-1/2 data-[state=closed]:slide-out-to-top-[48%] data-[state=open]:slide-in-from-left-1/2 data-[state=open]:slide-in-from-top-[48%] sm:rounded-lg sm:max-w-[700px] max-h-[90vh] overflow-y-auto"[31m
      [33mdata-state[31m=[32m"open"[31m
      [33mid[31m=[32m"radix-_r_1v_"[31m
      [33mrole[31m=[32m"dialog"[31m
      [33mstyle[31m=[32m"pointer-events: auto;"[31m
      [33mtabindex[31m=[32m"-1"[31m
    [36m>[31m
      [36m<div[31m
        [33mclass[31m=[32m"flex flex-col space-y-1.5 text-center sm:text-left"[31m
      [36m>[31m
        [36m<h2[31m
          [33mclass[31m=[32m"text-lg font-semibold leading-none tracking-tight"[31m
          [33mid[31m=[32m"radix-_r_20_"[31m
        [36m>[31m
          [0mA├▒adir Nuevo Cliente (Empresa o Persona)[0m
        [36m</h2>[31m
      [36m</div>[31m
      [36m<form[31m
        [33mclass[31m=[32m"space-y-4"[31m
      [36m>[31m
        [36m<div[31m
          [33mclass[31m=[32m"grid grid-cols-2 gap-4"[31m
        [36m>[31m
          [36m<div[31m
            [33mclass[31m=[32m"space-y-2 col-span-2"[31m
          [36m>[31m
            [36m<h3[31m
              [33mclass[31m=[32m"font-semibold border-b pb-2"[31m
            [36m>[31m
              [0mInformaci├│n Fiscal o Personal[0m
            [36m</h3>[31m
          [36m</div>[31m
          [36m<div[31m
            [33mclass[31m=[32m"space-y-2 col-span-2 sm:col-span-1"[31m
          [36m>[31m
            [36m<label[31m
              [33mclass[31m=[32m"text-sm font-medium leading-none peer-disabled:cursor-not-allowed peer-disabled:opacity-70"[31m
              [33mfor[31m=[32m"_r_22_-form-item"[31m
            [36m>[31m
              [0mRaz├│n Social / Nombre (Obligatorio)[0m
            [36m</label>[31m
            [36m<input[31m
              [33maria-describedby[31m=[32m"_r_22_-form-item-description"[31m
              [33maria-invalid[31m=[32m"false"[31m
              [33mclass[31m=[32m"flex h-9 w-full rounded-md border border-input bg-transparent px-3 py-1 text-base shadow-sm transition-colors file:border-0 file:bg-transparent file:text-sm file:font-medium file:text-foreground placeholder:text-muted-foreground focus-visible:outline-none focus-visible:ring-1 focus-visible:ring-ring disabled:cursor-not-allowed disabled:opacity-50 md:text-sm"[31m
              [33mid[31m=[32m"_r_22_-form-item"[31m
              [33mname[31m=[32m"razon_social"[31m
              [33mplaceholder[31m=[32m"Ej. Empresa SA o Juan L├│pez"[31m
              [33mvalue[31m=[32m"Nueva Empresa"[31m
            [36m/>[31m
          [36m</div>[31m
          [36m<div[31m
            [33mclass[31m=[32m"space-y-2 col-span-2 sm:col-span-1"[31m
          [36m>[31m
            [36m<label[31m
              [33mclass[31m=[32m"text-sm font-medium leading-none peer-disabled:cursor-not-allowed peer-disabled:opacity-70"[31m
              [33mfor[31m=[32m"_r_23_-form-item"[31m
            [36m>[31m
              [0mNombre de Fantas├¡a (Opcional)[0m
            [36m</label>[31m
            [36m<input[31m
              [33maria-describedby[31m=[32m"_r_23_-form-item-description"[31m
              [33maria-invalid[31m=[32m"false"[31m
              [33mclass[31m=[32m"flex h-9 w-full rounded-md border border-input bg-transparent px-3 py-1 text-base shadow-sm transition-colors file:border-0 file:bg-transparent file:text-sm file:font-medium file:text-foreground placeholder:text-muted-foreground focus-visible:outline-none focus-visible:ring-1 focus-visible:ring-ring disabled:cursor-not-allowed disabled:opacity-50 md:text-sm"[31m
              [33mid[31m=[32m"_r_23_-form-item"[31m
              [33mname[31m=[32m"nombre_fantasia"[31m
              [33mplaceholder[31m=[32m"Ej. Tienda Centro"[31m
              [33mvalue[31m=[32m""[31m
            [36m/>[31m
          [36m</div>[31m
          [36m<div[31m
            [33mclass[31m=[32m"space-y-2 col-span-2 sm:col-span-1"[31m
          [36m>[31m
            [36m<label[31m
              [33mclass[31m=[32m"text-sm font-medium leading-none peer-disabled:cursor-not-allowed peer-disabled:opacity-70"[31m
              [33mfor[31m=[32m"_r_24_-form-item"[31m
            [36m>[31m
              [0mRUT / C├®dula[0m
            [36m</label>[31m
            [36m<input[31m
              [33maria-describedby[31m=[32m"_r_24_-form-item-description"[31m
              [33maria-invalid[31m=[32m"false"[31m
              [33mclass[31m=[32m"flex h-9 w-full rounded-md border border-input bg-transparent px-3 py-1 text-base shadow-sm transition-colors file:border-0 file:bg-transparent file:text-sm file:font-medium file:text-foreground placeholder:text-muted-foreground focus-visible:outline-none focus-visible:ring-1 focus-visible:ring-ring disabled:cursor-not-allowed disabled:opacity-50 md:text-sm"[31m
              [33mid[31m=[32m"_r_24_-form-item"[31m
              [33mname[31m=[32m"rut"[31m
              [33mplaceholder[31m=[32m"Ej. 210000.. o 1234567"[31m
              [33mvalue[31m=[32m"12345678"[31m
            [36m/>[31m
          [36m</div>[31m
          [36m<div[31m
            [33mclass[31m=[32m"space-y-2 col-span-2 sm:col-span-1"[31m
          [36m>[31m
            [36m<label[31m
              [33mclass[31m=...[39m
 [31m├ù[39m src/__tests_locked__/components/clientes/ClienteFormDialog.test.tsx[2m > [22mClienteFormDialog[2m > [22msubmits form successfully when updating an existing client[33m 1522[2mms[22m[39m
[31m   ÔåÆ expected "vi.fn()" to be called with arguments: [ { id: '123', ÔÇª(1) } ][90m

Number of calls: [1m0[22m
[31m

Ignored nodes: comments, script, style
[36m<html>[31m
  [36m<head />[31m
  [36m<body[31m
    [33mdata-scroll-locked[31m=[32m"1"[31m
    [33mstyle[31m=[32m"pointer-events: none;"[31m
  [36m>[31m
    [36m<span[31m
      [33maria-hidden[31m=[32m"true"[31m
      [33mdata-aria-hidden[31m=[32m"true"[31m
      [33mdata-radix-focus-guard[31m=[32m""[31m
      [33mstyle[31m=[32m"outline: none; opacity: 0; position: fixed; pointer-events: none;"[31m
      [33mtabindex[31m=[32m"0"[31m
    [36m/>[31m
    [36m<div[31m
      [33maria-hidden[31m=[32m"true"[31m
      [33mdata-aria-hidden[31m=[32m"true"[31m
    [36m/>[31m
    [36m<div[31m
      [33maria-hidden[31m=[32m"true"[31m
      [33mclass[31m=[32m"fixed inset-0 z-50 bg-black/80 data-[state=open]:animate-in data-[state=closed]:animate-out data-[state=closed]:fade-out-0 data-[state=open]:fade-in-0"[31m
      [33mdata-aria-hidden[31m=[32m"true"[31m
      [33mdata-state[31m=[32m"open"[31m
      [33mstyle[31m=[32m"pointer-events: auto;"[31m
    [36m/>[31m
    [36m<div[31m
      [33maria-describedby[31m=[32m"radix-_r_2m_"[31m
      [33maria-labelledby[31m=[32m"radix-_r_2l_"[31m
      [33mclass[31m=[32m"fixed left-[50%] top-[50%] z-50 grid w-full max-w-lg translate-x-[-50%] translate-y-[-50%] gap-4 border bg-background p-6 shadow-lg duration-200 data-[state=open]:animate-in data-[state=closed]:animate-out data-[state=closed]:fade-out-0 data-[state=open]:fade-in-0 data-[state=closed]:zoom-out-95 data-[state=open]:zoom-in-95 data-[state=closed]:slide-out-to-left-1/2 data-[state=closed]:slide-out-to-top-[48%] data-[state=open]:slide-in-from-left-1/2 data-[state=open]:slide-in-from-top-[48%] sm:rounded-lg sm:max-w-[700px] max-h-[90vh] overflow-y-auto"[31m
      [33mdata-state[31m=[32m"open"[31m
      [33mid[31m=[32m"radix-_r_2k_"[31m
      [33mrole[31m=[32m"dialog"[31m
      [33mstyle[31m=[32m"pointer-events: auto;"[31m
      [33mtabindex[31m=[32m"-1"[31m
    [36m>[31m
      [36m<div[31m
        [33mclass[31m=[32m"flex flex-col space-y-1.5 text-center sm:text-left"[31m
      [36m>[31m
        [36m<h2[31m
          [33mclass[31m=[32m"text-lg font-semibold leading-none tracking-tight"[31m
          [33mid[31m=[32m"radix-_r_2l_"[31m
        [36m>[31m
          [0mEditar Cliente[0m
        [36m</h2>[31m
      [36m</div>[31m
      [36m<form[31m
        [33mclass[31m=[32m"space-y-4"[31m
      [36m>[31m
        [36m<div[31m
          [33mclass[31m=[32m"grid grid-cols-2 gap-4"[31m
        [36m>[31m
          [36m<div[31m
            [33mclass[31m=[32m"space-y-2 col-span-2"[31m
          [36m>[31m
            [36m<h3[31m
              [33mclass[31m=[32m"font-semibold border-b pb-2"[31m
            [36m>[31m
              [0mInformaci├│n Fiscal o Personal[0m
            [36m</h3>[31m
          [36m</div>[31m
          [36m<div[31m
            [33mclass[31m=[32m"space-y-2 col-span-2 sm:col-span-1"[31m
          [36m>[31m
            [36m<label[31m
              [33mclass[31m=[32m"text-sm font-medium leading-none peer-disabled:cursor-not-allowed peer-disabled:opacity-70"[31m
              [33mfor[31m=[32m"_r_2n_-form-item"[31m
            [36m>[31m
              [0mRaz├│n Social / Nombre (Obligatorio)[0m
            [36m</label>[31m
            [36m<input[31m
              [33maria-describedby[31m=[32m"_r_2n_-form-item-description"[31m
              [33maria-invalid[31m=[32m"false"[31m
              [33mclass[31m=[32m"flex h-9 w-full rounded-md border border-input bg-transparent px-3 py-1 text-base shadow-sm transition-colors file:border-0 file:bg-transparent file:text-sm file:font-medium file:text-foreground placeholder:text-muted-foreground focus-visible:outline-none focus-visible:ring-1 focus-visible:ring-ring disabled:cursor-not-allowed disabled:opacity-50 md:text-sm"[31m
              [33mid[31m=[32m"_r_2n_-form-item"[31m
              [33mname[31m=[32m"razon_social"[31m
              [33mplaceholder[31m=[32m"Ej. Empresa SA o Juan L├│pez"[31m
              [33mvalue[31m=[32m"Empresa Test"[31m
            [36m/>[31m
          [36m</div>[31m
          [36m<div[31m
            [33mclass[31m=[32m"space-y-2 col-span-2 sm:col-span-1"[31m
          [36m>[31m
            [36m<label[31m
              [33mclass[31m=[32m"text-sm font-medium leading-none peer-disabled:cursor-not-allowed peer-disabled:opacity-70"[31m
              [33mfor[31m=[32m"_r_2o_-form-item"[31m
            [36m>[31m
              [0mNombre de Fantas├¡a (Opcional)[0m
            [36m</label>[31m
            [36m<input[31m
              [33maria-describedby[31m=[32m"_r_2o_-form-item-description"[31m
              [33maria-invalid[31m=[32m"false"[31m
              [33mclass[31m=[32m"flex h-9 w-full rounded-md border border-input bg-transparent px-3 py-1 text-base shadow-sm transition-colors file:border-0 file:bg-transparent file:text-sm file:font-medium file:text-foreground placeholder:text-muted-foreground focus-visible:outline-none focus-visible:ring-1 focus-visible:ring-ring disabled:cursor-not-allowed disabled:opacity-50 md:text-sm"[31m
              [33mid[31m=[32m"_r_2o_-form-item"[31m
              [33mname[31m=[32m"nombre_fantasia"[31m
              [33mplaceholder[31m=[32m"Ej. Tienda Centro"[31m
              [33mvalue[31m=[32m""[31m
            [36m/>[31m
          [36m</div>[31m
          [36m<div[31m
            [33mclass[31m=[32m"space-y-2 col-span-2 sm:col-span-1"[31m
          [36m>[31m
            [36m<label[31m
              [33mclass[31m=[32m"text-sm font-medium leading-none peer-disabled:cursor-not-allowed peer-disabled:opacity-70"[31m
              [33mfor[31m=[32m"_r_2p_-form-item"[31m
            [36m>[31m
              [0mRUT / C├®dula[0m
            [36m</label>[31m
            [36m<input[31m
              [33maria-describedby[31m=[32m"_r_2p_-form-item-description"[31m
              [33maria-invalid[31m=[32m"false"[31m
              [33mclass[31m=[32m"flex h-9 w-full rounded-md border border-input bg-transparent px-3 py-1 text-base shadow-sm transition-colors file:border-0 file:bg-transparent file:text-sm file:font-medium file:text-foreground placeholder:text-muted-foreground focus-visible:outline-none focus-visible:ring-1 focus-visible:ring-ring disabled:cursor-not-allowed disabled:opacity-50 md:text-sm"[31m
              [33mid[31m=[32m"_r_2p_-form-item"[31m
              [33mname[31m=[32m"rut"[31m
              [33mplaceholder[31m=[32m"Ej. 210000.. o 1234567"[31m
              [33mvalue[31m=[32m"87654321"[31m
            [36m/>[31m
          [36m</div>[31m
          [36m<div[31m
            [33mclass[31m=[32m"space-y-2 col-span-2 sm:col-span-1"[31m
          [36m>[31m
            [36m<label[31m
              [33mclass[31m=[32m"text-sm font-medium le...[39m

[2m Test Files [22m [1m[31m1 failed[39m[22m[90m (1)[39m
[2m      Tests [22m [1m[31m2 failed[39m[22m[2m | [22m[1m[32m3 passed[39m[22m[90m (5)[39m
[2m   Start at [22m 01:05:50
[2m   Duration [22m 8.63s[2m (transform 304ms, setup 224ms, import 1.17s, tests 5.53s, environment 1.32s)[22m

