
[1m[46m RUN [49m[22m [36mv4.1.1 [39m[90mC:/Users/leoma/OneDrive/Desktop/Apps/Soclean Coordinaci├│n[39m

node.exe : [90mstderr[2m | 
src/__tests_locked__/componen
ts/clientes/ClienteFormDialog
.test.tsx[2m > [22m[2mClie
nteFormDialog[2m > 
[22m[2mrenders correctly 
for creating a new client
En línea: 1 Carácter: 1
+ & "C:\Program 
Files\nodejs/node.exe" 
"C:\Program 
Files\nodejs/node_mo ...
+ ~~~~~~~~~~~~~~~~~~~~~~~~~~~
~~~~~~~~~~~~~~~~~~~~~~~~~~~~~
~~~~~~~~~~~~~
    + CategoryInfo           
   : NotSpecified: ([90mst  
  derr[2m...ng a new clie   
 nt:String) [], RemoteExc    
eption
    + FullyQualifiedErrorId  
   : NativeCommandError
 
[22m[39mWarning: Missing 
`Description` or `aria-descri
bedby={undefined}` for 
{DialogContent}.

[90mstderr[2m | src/__tests
_locked__/components/clientes
/ClienteFormDialog.test.tsx[
2m > [22m[2mClienteFormDial
og[2m > [22m[2mrenders 
correctly for editing an 
existing client
[22m[39mWarning: Missing 
`Description` or `aria-descri
bedby={undefined}` for 
{DialogContent}.

[90mstderr[2m | src/__tests
_locked__/components/clientes
/ClienteFormDialog.test.tsx[
2m > [22m[2mClienteFormDial
og[2m > [22m[2mshows 
validation errors when 
submitting empty required 
fields
[22m[39mWarning: Missing 
`Description` or `aria-descri
bedby={undefined}` for 
{DialogContent}.

[90mstderr[2m | src/__tests
_locked__/components/clientes
/ClienteFormDialog.test.tsx[
2m > [22m[2mClienteFormDial
og[2m > [22m[2msubmits 
form successfully when 
creating a new client
[22m[39mWarning: Missing 
`Description` or `aria-descri
bedby={undefined}` for 
{DialogContent}.

[90mstderr[2m | src/__tests
_locked__/components/clientes
/ClienteFormDialog.test.tsx[
2m > [22m[2mClienteFormDial
og[2m > [22m[2msubmits 
form successfully when 
updating an existing client
[22m[39mWarning: Missing 
`Description` or `aria-descri
bedby={undefined}` for 
{DialogContent}.

 [31mÔØ»[39m src/__tests_locked__/components/clientes/ClienteFormDialog.test.tsx [2m([22m[2m5 tests[22m[2m | [22m[31m2 failed[39m[2m)[22m[33m 4876[2mms[22m[39m
     [33m[2mÔ£ô[22m[39m renders correctly for creating a new client [33m 503[2mms[22m[39m
     [32mÔ£ô[39m renders correctly for editing an existing client[32m 261[2mms[22m[39m
     [33m[2mÔ£ô[22m[39m shows validation errors when submitting empty required fields [33m 396[2mms[22m[39m
[31m     [31m├ù[31m submits form successfully when creating a new client[39m[33m 2193[2mms[22m[39m
[31m     [31m├ù[31m submits form successfully when updating an existing client[39m[33m 1518[2mms[22m[39m

[31mÔÄ»ÔÄ»ÔÄ»ÔÄ»ÔÄ»ÔÄ»ÔÄ»[3
9m[1m[41m Failed Tests 2 [
49m[22m[31mÔÄ»ÔÄ»ÔÄ»ÔÄ»ÔÄ»Ô
Ä»ÔÄ»[39m

[41m[1m FAIL [22m[49m src
/__tests_locked__/components/
clientes/ClienteFormDialog.te
st.tsx[2m > 
[22mClienteFormDialog[2m > 
[22msubmits form 
successfully when creating a 
new client
[31m[1mAssertionError[22m
[39m: expected "vi.fn()" to 
be called with arguments: [ 
{ ÔÇª(10) } ][90m

Number of calls: [1m0[22m
[39m

Ignored nodes: comments, 
script, style
[36m<html>[39m
  [36m<head />[39m
  [36m<body[39m
    [33mdata-scroll-locked[
39m=[32m"1"[39m
    [33mstyle[39m=[32m"poi
nter-events: none;"[39m
  [36m>[39m
    [36m<span[39m
      [33maria-hidden[39m=
[32m"true"[39m
      [33mdata-aria-hidden[
39m=[32m"true"[39m
      [33mdata-radix-focus-g
uard[39m=[32m""[39m
      [33mstyle[39m=[32m"o
utline: none; opacity: 0; 
position: fixed; 
pointer-events: none;"[39m
      [33mtabindex[39m=[32
m"0"[39m
    [36m/>[39m
    [36m<div[39m
      [33maria-hidden[39m=
[32m"true"[39m
      [33mdata-aria-hidden[
39m=[32m"true"[39m
    [36m/>[39m
    [36m<div[39m
      [33maria-hidden[39m=
[32m"true"[39m
      
[33mclass[39m=[32m"fixed 
inset-0 z-50 bg-black/80 
data-[state=open]:animate-in 
data-[state=closed]:animate-o
ut data-[state=closed]:fade-o
ut-0 data-[state=open]:fade-i
n-0"[39m
      [33mdata-aria-hidden[
39m=[32m"true"[39m
      [33mdata-state[39m=[
32m"open"[39m
      [33mstyle[39m=[32m"p
ointer-events: auto;"[39m
    [36m/>[39m
    [36m<div[39m
      [33maria-describedby[
39m=[32m"radix-_r_21_"[39m
      [33maria-labelledby[3
9m=[32m"radix-_r_20_"[39m
      
[33mclass[39m=[32m"fixed 
left-[50%] top-[50%] z-50 
grid w-full max-w-lg 
translate-x-[-50%] 
translate-y-[-50%] gap-4 
border bg-background p-6 
shadow-lg duration-200 
data-[state=open]:animate-in 
data-[state=closed]:animate-o
ut data-[state=closed]:fade-o
ut-0 
data-[state=open]:fade-in-0 d
ata-[state=closed]:zoom-out-9
5 
data-[state=open]:zoom-in-95 
data-[state=closed]:slide-out
-to-left-1/2 data-[state=clos
ed]:slide-out-to-top-[48%] da
ta-[state=open]:slide-in-from
-left-1/2 data-[state=open]:s
lide-in-from-top-[48%] 
sm:rounded-lg 
sm:max-w-[700px] 
max-h-[90vh] 
overflow-y-auto"[39m
      [33mdata-state[39m=[
32m"open"[39m
      [33mid[39m=[32m"radi
x-_r_1v_"[39m
      [33mrole[39m=[32m"di
alog"[39m
      [33mstyle[39m=[32m"p
ointer-events: auto;"[39m
      [33mtabindex[39m=[32
m"-1"[39m
    [36m>[39m
      [36m<div[39m
        
[33mclass[39m=[32m"flex 
flex-col space-y-1.5 
text-center 
sm:text-left"[39m
      [36m>[39m
        [36m<h2[39m
          [33mclass[39m=[3
2m"text-lg font-semibold 
leading-none 
tracking-tight"[39m
          [33mid[39m=[32m"
radix-_r_20_"[39m
        [36m>[39m
          [0mA├▒adir Nuevo 
Cliente (Empresa o 
Persona)[0m
        [36m</h2>[39m
      [36m</div>[39m
      [36m<form[39m
        [33mclass[39m=[32m
"space-y-4"[39m
      [36m>[39m
        [36m<div[39m
          
[33mclass[39m=[32m"grid 
grid-cols-2 gap-4"[39m
        [36m>[39m
          [36m<div[39m
            [33mclass[39m=
[32m"space-y-2 
col-span-2"[39m
          [36m>[39m
            [36m<h3[39m
              [33mclass[39m
=[32m"font-semibold 
border-b pb-2"[39m
            [36m>[39m
              
[0mInformaci├│n Fiscal o 
Personal[0m
            [36m</h3>[39m
          [36m</div>[39m
          [36m<div[39m
            [33mclass[39m=
[32m"space-y-2 col-span-2 
sm:col-span-1"[39m
          [36m>[39m
            [36m<label[39m
              [33mclass[39m
=[32m"text-sm font-medium 
leading-none peer-disabled:cu
rsor-not-allowed peer-disable
d:opacity-70"[39m
              [33mfor[39m=
[32m"_r_22_-form-item"[39m
            [36m>[39m
              [0mRaz├│n 
Social / Nombre 
(Obligatorio)[0m
            
[36m</label>[39m
            [36m<input[39m
              [33maria-descr
ibedby[39m=[32m"_r_22_-form
-item-description"[39m
              [33maria-inval
id[39m=[32m"false"[39m
              
[33mclass[39m=[32m"flex 
h-9 w-full rounded-md border 
border-input bg-transparent 
px-3 py-1 text-base 
shadow-sm transition-colors 
file:border-0 
file:bg-transparent 
file:text-sm 
file:font-medium 
file:text-foreground placehol
der:text-muted-foreground 
focus-visible:outline-none 
focus-visible:ring-1 
focus-visible:ring-ring 
disabled:cursor-not-allowed 
disabled:opacity-50 
md:text-sm"[39m
              [33mid[39m=[
32m"_r_22_-form-item"[39m
              [33mname[39m=
[32m"razon_social"[39m
              [33mplaceholde
r[39m=[32m"Ej. Empresa SA 
o Juan L├│pez"[39m
              
[33mvalue[39m=[32m"Nueva 
Empresa"[39m
            [36m/>[39m
          [36m</div>[39m
          [36m<div[39m
            [33mclass[39m=
[32m"space-y-2 col-span-2 
sm:col-span-1"[39m
          [36m>[39m
            [36m<label[39m
              [33mclass[39m
=[32m"text-sm font-medium 
leading-none peer-disabled:cu
rsor-not-allowed peer-disable
d:opacity-70"[39m
              [33mfor[39m=
[32m"_r_23_-form-item"[39m
            [36m>[39m
              [0mNombre de 
Fantas├¡a (Opcional)[0m
            
[36m</label>[39m
            [36m<input[39m
              [33maria-descr
ibedby[39m=[32m"_r_23_-form
-item-description"[39m
              [33maria-inval
id[39m=[32m"false"[39m
              
[33mclass[39m=[32m"flex 
h-9 w-full rounded-md border 
border-input bg-transparent 
px-3 py-1 text-base 
shadow-sm transition-colors 
file:border-0 
file:bg-transparent 
file:text-sm 
file:font-medium 
file:text-foreground placehol
der:text-muted-foreground 
focus-visible:outline-none 
focus-visible:ring-1 
focus-visible:ring-ring 
disabled:cursor-not-allowed 
disabled:opacity-50 
md:text-sm"[39m
              [33mid[39m=[
32m"_r_23_-form-item"[39m
              [33mname[39m=
[32m"nombre_fantasia"[39m
              [33mplaceholde
r[39m=[32m"Ej. Tienda 
Centro"[39m
              
[33mvalue[39m=[32m""[39m
            [36m/>[39m
          [36m</div>[39m
          [36m<div[39m
            [33mclass[39m=
[32m"space-y-2 col-span-2 
sm:col-span-1"[39m
          [36m>[39m
            [36m<label[39m
              [33mclass[39m
=[32m"text-sm font-medium 
leading-none peer-disabled:cu
rsor-not-allowed peer-disable
d:opacity-70"[39m
              [33mfor[39m=
[32m"_r_24_-form-item"[39m
            [36m>[39m
              [0mRUT / 
C├®dula[0m
            
[36m</label>[39m
            [36m<input[39m
              [33maria-descr
ibedby[39m=[32m"_r_24_-form
-item-description"[39m
              [33maria-inval
id[39m=[32m"false"[39m
              
[33mclass[39m=[32m"flex 
h-9 w-full rounded-md border 
border-input bg-transparent 
px-3 py-1 text-base 
shadow-sm transition-colors 
file:border-0 
file:bg-transparent 
file:text-sm 
file:font-medium 
file:text-foreground placehol
der:text-muted-foreground 
focus-visible:outline-none 
focus-visible:ring-1 
focus-visible:ring-ring 
disabled:cursor-not-allowed 
disabled:opacity-50 
md:text-sm"[39m
              [33mid[39m=[
32m"_r_24_-form-item"[39m
              [33mname[39m=
[32m"rut"[39m
              [33mplaceholde
r[39m=[32m"Ej. 210000.. o 
1234567"[39m
              [33mvalue[39m
=[32m"12345678"[39m
            [36m/>[39m
          [36m</div>[39m
          [36m<div[39m
            [33mclass[39m=
[32m"space-y-2 col-span-2 
sm:col-span-1"[39m
          [36m>[39m
            [36m<label[39m
              
[33mclass[39m=...
[36m [2mÔØ»[22m src/__test
s_locked__/components/cliente
s/ClienteFormDialog.test.tsx:
[2m117:43[22m[39m
    [90m115|[39m
    [90m116|[39m         
[35mawait[39m 
[34mwaitFor[39m(() 
[33m=>[39m {
    [90m117|[39m           
  [34mexpect[39m(mockCreate
MutateAsync)[33m.[39m[34mt
oHaveBeenCalledWith[39m({
    [90m   |[39m           
                             
   [31m^[39m
    [90m118|[39m           
      
razon_social[33m:[39m 
[32m'Nueva 
Empresa'[39m[33m,[39m
    [90m119|[39m           
      
nombre_fantasia[33m:[39m 
[32m''[39m[33m,[39m
[90m [2mÔØ»[22m runWithExp
ensiveErrorDiagnosticsDisable
d node_modules/.pnpm/@testing
-library+dom@10.4.1/node_modu
les/@testing-library/dom/dist
/config.js:[2m47:12[22m[39
m
[90m [2mÔØ»[22m 
checkCallback node_modules/.p
npm/@testing-library+dom@10.4
.1/node_modules/@testing-libr
ary/dom/dist/wait-for.js:[2m
124:77[22m[39m
[90m [2mÔØ»[22m Timeout.ch
eckRealTimersCallback node_mo
dules/.pnpm/@testing-library+
dom@10.4.1/node_modules/@test
ing-library/dom/dist/wait-for
.js:[2m118:16[22m[39m

[31m[2mÔÄ»ÔÄ»ÔÄ»ÔÄ»ÔÄ»ÔÄ»ÔÄ
»ÔÄ»ÔÄ»ÔÄ»ÔÄ»ÔÄ»ÔÄ»ÔÄ»ÔÄ»ÔÄ»Ô
Ä»ÔÄ»ÔÄ»ÔÄ»ÔÄ»ÔÄ»ÔÄ»ÔÄ»[1/2]Ô
Ä»[22m[39m

[41m[1m FAIL [22m[49m src
/__tests_locked__/components/
clientes/ClienteFormDialog.te
st.tsx[2m > 
[22mClienteFormDialog[2m > 
[22msubmits form 
successfully when updating 
an existing client
[31m[1mAssertionError[22m
[39m: expected "vi.fn()" to 
be called with arguments: [ 
{ id: '123', ÔÇª(1) } ][90m

Number of calls: [1m0[22m
[39m

Ignored nodes: comments, 
script, style
[36m<html>[39m
  [36m<head />[39m
  [36m<body[39m
    [33mdata-scroll-locked[
39m=[32m"1"[39m
    [33mstyle[39m=[32m"poi
nter-events: none;"[39m
  [36m>[39m
    [36m<span[39m
      [33maria-hidden[39m=
[32m"true"[39m
      [33mdata-aria-hidden[
39m=[32m"true"[39m
      [33mdata-radix-focus-g
uard[39m=[32m""[39m
      [33mstyle[39m=[32m"o
utline: none; opacity: 0; 
position: fixed; 
pointer-events: none;"[39m
      [33mtabindex[39m=[32
m"0"[39m
    [36m/>[39m
    [36m<div[39m
      [33maria-hidden[39m=
[32m"true"[39m
      [33mdata-aria-hidden[
39m=[32m"true"[39m
    [36m/>[39m
    [36m<div[39m
      [33maria-hidden[39m=
[32m"true"[39m
      
[33mclass[39m=[32m"fixed 
inset-0 z-50 bg-black/80 
data-[state=open]:animate-in 
data-[state=closed]:animate-o
ut data-[state=closed]:fade-o
ut-0 data-[state=open]:fade-i
n-0"[39m
      [33mdata-aria-hidden[
39m=[32m"true"[39m
      [33mdata-state[39m=[
32m"open"[39m
      [33mstyle[39m=[32m"p
ointer-events: auto;"[39m
    [36m/>[39m
    [36m<div[39m
      [33maria-describedby[
39m=[32m"radix-_r_2m_"[39m
      [33maria-labelledby[3
9m=[32m"radix-_r_2l_"[39m
      
[33mclass[39m=[32m"fixed 
left-[50%] top-[50%] z-50 
grid w-full max-w-lg 
translate-x-[-50%] 
translate-y-[-50%] gap-4 
border bg-background p-6 
shadow-lg duration-200 
data-[state=open]:animate-in 
data-[state=closed]:animate-o
ut data-[state=closed]:fade-o
ut-0 
data-[state=open]:fade-in-0 d
ata-[state=closed]:zoom-out-9
5 
data-[state=open]:zoom-in-95 
data-[state=closed]:slide-out
-to-left-1/2 data-[state=clos
ed]:slide-out-to-top-[48%] da
ta-[state=open]:slide-in-from
-left-1/2 data-[state=open]:s
lide-in-from-top-[48%] 
sm:rounded-lg 
sm:max-w-[700px] 
max-h-[90vh] 
overflow-y-auto"[39m
      [33mdata-state[39m=[
32m"open"[39m
      [33mid[39m=[32m"radi
x-_r_2k_"[39m
      [33mrole[39m=[32m"di
alog"[39m
      [33mstyle[39m=[32m"p
ointer-events: auto;"[39m
      [33mtabindex[39m=[32
m"-1"[39m
    [36m>[39m
      [36m<div[39m
        
[33mclass[39m=[32m"flex 
flex-col space-y-1.5 
text-center 
sm:text-left"[39m
      [36m>[39m
        [36m<h2[39m
          [33mclass[39m=[3
2m"text-lg font-semibold 
leading-none 
tracking-tight"[39m
          [33mid[39m=[32m"
radix-_r_2l_"[39m
        [36m>[39m
          [0mEditar 
Cliente[0m
        [36m</h2>[39m
      [36m</div>[39m
      [36m<form[39m
        [33mclass[39m=[32m
"space-y-4"[39m
      [36m>[39m
        [36m<div[39m
          
[33mclass[39m=[32m"grid 
grid-cols-2 gap-4"[39m
        [36m>[39m
          [36m<div[39m
            [33mclass[39m=
[32m"space-y-2 
col-span-2"[39m
          [36m>[39m
            [36m<h3[39m
              [33mclass[39m
=[32m"font-semibold 
border-b pb-2"[39m
            [36m>[39m
              
[0mInformaci├│n Fiscal o 
Personal[0m
            [36m</h3>[39m
          [36m</div>[39m
          [36m<div[39m
            [33mclass[39m=
[32m"space-y-2 col-span-2 
sm:col-span-1"[39m
          [36m>[39m
            [36m<label[39m
              [33mclass[39m
=[32m"text-sm font-medium 
leading-none peer-disabled:cu
rsor-not-allowed peer-disable
d:opacity-70"[39m
              [33mfor[39m=
[32m"_r_2n_-form-item"[39m
            [36m>[39m
              [0mRaz├│n 
Social / Nombre 
(Obligatorio)[0m
            
[36m</label>[39m
            [36m<input[39m
              [33maria-descr
ibedby[39m=[32m"_r_2n_-form
-item-description"[39m
              [33maria-inval
id[39m=[32m"false"[39m
              
[33mclass[39m=[32m"flex 
h-9 w-full rounded-md border 
border-input bg-transparent 
px-3 py-1 text-base 
shadow-sm transition-colors 
file:border-0 
file:bg-transparent 
file:text-sm 
file:font-medium 
file:text-foreground placehol
der:text-muted-foreground 
focus-visible:outline-none 
focus-visible:ring-1 
focus-visible:ring-ring 
disabled:cursor-not-allowed 
disabled:opacity-50 
md:text-sm"[39m
              [33mid[39m=[
32m"_r_2n_-form-item"[39m
              [33mname[39m=
[32m"razon_social"[39m
              [33mplaceholde
r[39m=[32m"Ej. Empresa SA 
o Juan L├│pez"[39m
              [33mvalue[39m
=[32m"Empresa Test"[39m
            [36m/>[39m
          [36m</div>[39m
          [36m<div[39m
            [33mclass[39m=
[32m"space-y-2 col-span-2 
sm:col-span-1"[39m
          [36m>[39m
            [36m<label[39m
              [33mclass[39m
=[32m"text-sm font-medium 
leading-none peer-disabled:cu
rsor-not-allowed peer-disable
d:opacity-70"[39m
              [33mfor[39m=
[32m"_r_2o_-form-item"[39m
            [36m>[39m
              [0mNombre de 
Fantas├¡a (Opcional)[0m
            
[36m</label>[39m
            [36m<input[39m
              [33maria-descr
ibedby[39m=[32m"_r_2o_-form
-item-description"[39m
              [33maria-inval
id[39m=[32m"false"[39m
              
[33mclass[39m=[32m"flex 
h-9 w-full rounded-md border 
border-input bg-transparent 
px-3 py-1 text-base 
shadow-sm transition-colors 
file:border-0 
file:bg-transparent 
file:text-sm 
file:font-medium 
file:text-foreground placehol
der:text-muted-foreground 
focus-visible:outline-none 
focus-visible:ring-1 
focus-visible:ring-ring 
disabled:cursor-not-allowed 
disabled:opacity-50 
md:text-sm"[39m
              [33mid[39m=[
32m"_r_2o_-form-item"[39m
              [33mname[39m=
[32m"nombre_fantasia"[39m
              [33mplaceholde
r[39m=[32m"Ej. Tienda 
Centro"[39m

[2m Test Files [22m [1m[31m1 failed[39m[22m[90m (1)[39m
[2m      Tests [22m [1m[31m2 failed[39m[22m[2m | [22m[1m[32m3 passed[39m[22m[90m (5)[39m
[2m   Start at [22m 01:04:53
[2m   Duration [22m 8.40s[2m (transform 300ms, setup 182ms, import 1.24s, tests 4.88s, environment 1.65s)[22m
              
[33mvalue[39m=[32m""[39m
            [36m/>[39m
          [36m</div>[39m
          [36m<div[39m
            [33mclass[39m=
[32m"space-y-2 col-span-2 
sm:col-span-1"[39m
          [36m>[39m
            [36m<label[39m
              [33mclass[39m
=[32m"text-sm font-medium 
leading-none peer-disabled:cu
rsor-not-allowed peer-disable
d:opacity-70"[39m
              [33mfor[39m=
[32m"_r_2p_-form-item"[39m
            [36m>[39m
              [0mRUT / 
C├®dula[0m
            
[36m</label>[39m
            [36m<input[39m
              [33maria-descr
ibedby[39m=[32m"_r_2p_-form
-item-description"[39m
              [33maria-inval
id[39m=[32m"false"[39m
              
[33mclass[39m=[32m"flex 
h-9 w-full rounded-md border 
border-input bg-transparent 
px-3 py-1 text-base 
shadow-sm transition-colors 
file:border-0 
file:bg-transparent 
file:text-sm 
file:font-medium 
file:text-foreground placehol
der:text-muted-foreground 
focus-visible:outline-none 
focus-visible:ring-1 
focus-visible:ring-ring 
disabled:cursor-not-allowed 
disabled:opacity-50 
md:text-sm"[39m
              [33mid[39m=[
32m"_r_2p_-form-item"[39m
              [33mname[39m=
[32m"rut"[39m
              [33mplaceholde
r[39m=[32m"Ej. 210000.. o 
1234567"[39m
              [33mvalue[39m
=[32m"87654321"[39m
            [36m/>[39m
          [36m</div>[39m
          [36m<div[39m
            [33mclass[39m=
[32m"space-y-2 col-span-2 
sm:col-span-1"[39m
          [36m>[39m
            [36m<label[39m
              [33mclass[39m
=[32m"text-sm font-medium 
le...
[36m [2mÔØ»[22m src/__test
s_locked__/components/cliente
s/ClienteFormDialog.test.tsx:
[2m159:43[22m[39m
    [90m157|[39m
    [90m158|[39m         
[35mawait[39m 
[34mwaitFor[39m(() 
[33m=>[39m {
    [90m159|[39m           
  [34mexpect[39m(mockUpdate
MutateAsync)[33m.[39m[34mt
oHaveBeenCalledWith[39m({
    [90m   |[39m           
                             
   [31m^[39m
    [90m160|[39m           
      id[33m:[39m 
[32m'123'[39m[33m,[39m
    [90m161|[39m           
      data[33m:[39m {
[90m [2mÔØ»[22m runWithExp
ensiveErrorDiagnosticsDisable
d node_modules/.pnpm/@testing
-library+dom@10.4.1/node_modu
les/@testing-library/dom/dist
/config.js:[2m47:12[22m[39
m
[90m [2mÔØ»[22m 
checkCallback node_modules/.p
npm/@testing-library+dom@10.4
.1/node_modules/@testing-libr
ary/dom/dist/wait-for.js:[2m
124:77[22m[39m
[90m [2mÔØ»[22m Timeout.ch
eckRealTimersCallback node_mo
dules/.pnpm/@testing-library+
dom@10.4.1/node_modules/@test
ing-library/dom/dist/wait-for
.js:[2m118:16[22m[39m

[31m[2mÔÄ»ÔÄ»ÔÄ»ÔÄ»ÔÄ»ÔÄ»ÔÄ
»ÔÄ»ÔÄ»ÔÄ»ÔÄ»ÔÄ»ÔÄ»ÔÄ»ÔÄ»ÔÄ»Ô
Ä»ÔÄ»ÔÄ»ÔÄ»ÔÄ»ÔÄ»ÔÄ»ÔÄ»[2/2]Ô
Ä»[22m[39m


